// Jest Snapshot v1, https://goo.gl/fbAQLP

exports[`ShoppingCart Is the styles are applyig for HomeDivision(styled Component)? 1`] = `
<StyledComponent
  forwardedComponent={
    Object {
      "$$typeof": Symbol(react.forward_ref),
      "attrs": Array [],
      "componentStyle": ComponentStyle {
        "componentId": "sc-iRbamj",
        "isStatic": true,
        "lastClassName": "estCfa",
        "rules": Array [
          "
  display: flex;
  flex-direction: row;
",
        ],
      },
      "displayName": "styled.div",
      "foldedComponentIds": Array [],
      "render": [Function],
      "styledComponentId": "sc-iRbamj",
      "target": "div",
      "toString": [Function],
      "warnTooManyClasses": [Function],
      "withComponent": [Function],
    }
  }
  forwardedRef={null}
/>
`;

exports[`ShoppingCart should render correctly in "debug" mode 1`] = `
<styled.div>
  <styled.div>
    <SizeChart
      appStore={
        AppStore {
          "accessToken": "",
          "cartItemList": Array [],
          "error": "",
          "failureMessage": "",
          "fetchingOptionsForLoginAndSignUp": [Function],
          "initialProductsFetchingStatus": "loading",
          "orderBy": "select",
          "productList": Array [
            Object {
              "availableSizes": Array [
                "S",
                "XS",
              ],
              "currencyFormat": "$",
              "currencyId": "USD",
              "description": "4 MSL",
              "id": 12,
              "image": "https://react-shopping-cart-67954.firebaseapp.com/static/media/12064273040195392_1.2995d79a.jpg",
              "installments": 9,
              "isFreeShipping": true,
              "price": 10.9,
              "sku": 12064273040195392,
              "style": "Black with custom print",
              "title": "Cat Tee Black T-Shirt",
            },
          ],
          "selectedSizes": Array [],
        }
      }
      sizesChart={
        Object {
          "l": "L",
          "m": "M",
          "ml": "ML",
          "s": "S",
          "xl": "XL",
          "xs": "XS",
          "xxl": "XXL",
        }
      }
    />
  </styled.div>
  <styled.div>
    <HeaderInfo
      appStore={
        AppStore {
          "accessToken": "",
          "cartItemList": Array [],
          "error": "",
          "failureMessage": "",
          "fetchingOptionsForLoginAndSignUp": [Function],
          "initialProductsFetchingStatus": "loading",
          "orderBy": "select",
          "productList": Array [
            Object {
              "availableSizes": Array [
                "S",
                "XS",
              ],
              "currencyFormat": "$",
              "currencyId": "USD",
              "description": "4 MSL",
              "id": 12,
              "image": "https://react-shopping-cart-67954.firebaseapp.com/static/media/12064273040195392_1.2995d79a.jpg",
              "installments": 9,
              "isFreeShipping": true,
              "price": 10.9,
              "sku": 12064273040195392,
              "style": "Black with custom print",
              "title": "Cat Tee Black T-Shirt",
            },
          ],
          "selectedSizes": Array [],
        }
      }
    />
    <DisplayProducts
      appStore={
        AppStore {
          "accessToken": "",
          "cartItemList": Array [],
          "error": "",
          "failureMessage": "",
          "fetchingOptionsForLoginAndSignUp": [Function],
          "initialProductsFetchingStatus": "loading",
          "orderBy": "select",
          "productList": Array [
            Object {
              "availableSizes": Array [
                "S",
                "XS",
              ],
              "currencyFormat": "$",
              "currencyId": "USD",
              "description": "4 MSL",
              "id": 12,
              "image": "https://react-shopping-cart-67954.firebaseapp.com/static/media/12064273040195392_1.2995d79a.jpg",
              "installments": 9,
              "isFreeShipping": true,
              "price": 10.9,
              "sku": 12064273040195392,
              "style": "Black with custom print",
              "title": "Cat Tee Black T-Shirt",
            },
          ],
          "selectedSizes": Array [],
        }
      }
    />
  </styled.div>
  <Cart
    appStore={
      AppStore {
        "accessToken": "",
        "cartItemList": Array [],
        "error": "",
        "failureMessage": "",
        "fetchingOptionsForLoginAndSignUp": [Function],
        "initialProductsFetchingStatus": "loading",
        "orderBy": "select",
        "productList": Array [
          Object {
            "availableSizes": Array [
              "S",
              "XS",
            ],
            "currencyFormat": "$",
            "currencyId": "USD",
            "description": "4 MSL",
            "id": 12,
            "image": "https://react-shopping-cart-67954.firebaseapp.com/static/media/12064273040195392_1.2995d79a.jpg",
            "installments": 9,
            "isFreeShipping": true,
            "price": 10.9,
            "sku": 12064273040195392,
            "style": "Black with custom print",
            "title": "Cat Tee Black T-Shirt",
          },
        ],
        "selectedSizes": Array [],
      }
    }
  />
</styled.div>
`;
